2026-07-09 15:55:07,464 [INFO] Train=17,312 Val=2,673 Test=4,715
2026-07-09 15:55:07,465 [INFO] 
ECFP4_only...
2026-07-09 15:56:54,607 [INFO]   ECFP4_only           seed=42 dim= 1024 RMSE=1.2021 R=0.6083
2026-07-09 15:58:20,526 [INFO]   ECFP4_only           seed=123 dim= 1024 RMSE=1.1939 R=0.6156
2026-07-09 15:59:51,888 [INFO]   ECFP4_only           seed=456 dim= 1024 RMSE=1.1973 R=0.6128
2026-07-09 15:59:51,888 [INFO] 
AAC_only...
2026-07-09 16:00:34,615 [INFO]   AAC_only             seed=42 dim=   20 RMSE=1.2730 R=0.5498
2026-07-09 16:00:36,746 [INFO]   AAC_only             seed=123 dim=   20 RMSE=1.2733 R=0.5493
2026-07-09 16:00:38,703 [INFO]   AAC_only             seed=456 dim=   20 RMSE=1.2746 R=0.5482
2026-07-09 16:00:38,704 [INFO] 
ECFP4+AAC...
2026-07-09 16:02:39,719 [INFO]   ECFP4+AAC            seed=42 dim= 1044 RMSE=1.0055 R=0.7473
2026-07-09 16:03:36,481 [INFO]   ECFP4+AAC            seed=123 dim= 1044 RMSE=1.0068 R=0.7464
2026-07-09 16:04:26,650 [INFO]   ECFP4+AAC            seed=456 dim= 1044 RMSE=1.0054 R=0.7474
2026-07-09 16:04:26,650 [INFO] 
ECFP4+ESM2...
2026-07-09 16:15:09,976 [INFO]   ECFP4+ESM2           seed=42 dim= 1344 RMSE=1.0132 R=0.7422
2026-07-09 16:17:40,988 [INFO]   ECFP4+ESM2           seed=123 dim= 1344 RMSE=1.0128 R=0.7424
2026-07-09 16:20:06,734 [INFO]   ECFP4+ESM2           seed=456 dim= 1344 RMSE=1.0141 R=0.7416
2026-07-09 16:20:06,757 [INFO] 
=== SUMMARY ===
2026-07-09 16:20:06,760 [INFO]   ECFP4_only     : RMSE=1.1978±0.0041  dim=1024  best=1.1939
2026-07-09 16:20:06,761 [INFO]   AAC_only       : RMSE=1.2736±0.0009  dim=20  best=1.2730
2026-07-09 16:20:06,761 [INFO]   ECFP4+AAC      : RMSE=1.0059±0.0008  dim=1044  best=1.0054
2026-07-09 16:20:06,762 [INFO]   ECFP4+ESM2     : RMSE=1.0134±0.0006  dim=1344  best=1.0128
