2026-07-09 16:36:39,283 [INFO] 
shallow MLP: hidden=[256]
2026-07-09 16:37:19,065 [INFO]   ep  20: train=0.9686 val=0.8996 gap=-0.0690
2026-07-09 16:37:57,217 [INFO]   ep  40: train=0.7973 val=0.8890 gap=+0.0917
2026-07-09 16:38:34,601 [INFO]   ep  60: train=0.7114 val=0.7837 gap=+0.0723
2026-07-09 16:39:13,870 [INFO]   ep  80: train=0.6826 val=0.7961 gap=+0.1135
2026-07-09 16:39:52,627 [INFO]   ep 100: train=0.6653 val=0.7436 gap=+0.0783
2026-07-09 16:39:52,875 [INFO]   Final test RMSE=1.2466  overfit gap=+0.0783
2026-07-09 16:39:52,875 [INFO] 
medium MLP: hidden=[512, 256]
2026-07-09 16:40:47,360 [INFO]   ep  20: train=0.8039 val=0.8564 gap=+0.0525
2026-07-09 16:41:42,506 [INFO]   ep  40: train=0.6874 val=0.7991 gap=+0.1117
2026-07-09 16:42:38,683 [INFO]   ep  60: train=0.6873 val=0.8781 gap=+0.1908
2026-07-09 16:43:33,926 [INFO]   ep  80: train=0.6228 val=0.8068 gap=+0.1840
2026-07-09 16:44:27,204 [INFO]   ep 100: train=0.5695 val=0.6756 gap=+0.1061
2026-07-09 16:44:27,353 [INFO]   Final test RMSE=1.1553  overfit gap=+0.1061
2026-07-09 16:44:27,353 [INFO] 
deep MLP: hidden=[512, 256, 128]
2026-07-09 16:45:30,473 [INFO]   ep  20: train=0.7916 val=0.8652 gap=+0.0736
2026-07-09 16:46:33,228 [INFO]   ep  40: train=0.6977 val=0.8432 gap=+0.1455
2026-07-09 16:47:37,818 [INFO]   ep  60: train=0.6326 val=0.7471 gap=+0.1145
2026-07-09 16:48:39,923 [INFO]   ep  80: train=0.5768 val=0.7081 gap=+0.1313
2026-07-09 16:49:43,640 [INFO]   ep 100: train=0.5378 val=0.6593 gap=+0.1215
2026-07-09 16:49:43,800 [INFO]   Final test RMSE=1.1101  overfit gap=+0.1215
2026-07-09 16:49:45,496 [INFO] 
Saved overfitting.pdf
