2026-07-09 15:05:40,613 [INFO] Loading splits...
2026-07-09 15:05:40,624 [INFO] Train=17,312  Val=2,673  Test=4,715
2026-07-09 15:06:40,392 [INFO] Building ChemBERTa + ESM-2 features (cached)...
2026-07-09 15:14:19,875 [INFO] DL features: 1088 dim
2026-07-09 15:14:19,875 [INFO] 
==================================================
  rf_ecfp4_aac
==================================================
2026-07-09 15:14:21,490 [INFO]   rf_ecfp4_aac                    n=   500  s=42  RMSE=1.3544  R=0.4470  1.6s
2026-07-09 15:14:22,870 [INFO]   rf_ecfp4_aac                    n=   500  s=123  RMSE=1.3854  R=0.4205  1.4s
2026-07-09 15:14:24,380 [INFO]   rf_ecfp4_aac                    n=   500  s=456  RMSE=1.3790  R=0.4129  1.5s
2026-07-09 15:14:26,888 [INFO]   rf_ecfp4_aac                    n= 1,000  s=42  RMSE=1.2945  R=0.5198  2.5s
2026-07-09 15:14:29,479 [INFO]   rf_ecfp4_aac                    n= 1,000  s=123  RMSE=1.3158  R=0.4980  2.6s
2026-07-09 15:14:32,098 [INFO]   rf_ecfp4_aac                    n= 1,000  s=456  RMSE=1.3177  R=0.4930  2.6s
2026-07-09 15:14:38,494 [INFO]   rf_ecfp4_aac                    n= 2,500  s=42  RMSE=1.1996  R=0.6120  6.4s
2026-07-09 15:14:44,824 [INFO]   rf_ecfp4_aac                    n= 2,500  s=123  RMSE=1.2067  R=0.6048  6.3s
2026-07-09 15:14:51,284 [INFO]   rf_ecfp4_aac                    n= 2,500  s=456  RMSE=1.2046  R=0.6070  6.5s
2026-07-09 15:15:05,531 [INFO]   rf_ecfp4_aac                    n= 5,000  s=42  RMSE=1.1189  R=0.6740  14.2s
2026-07-09 15:15:19,490 [INFO]   rf_ecfp4_aac                    n= 5,000  s=123  RMSE=1.0977  R=0.6920  13.9s
2026-07-09 15:15:33,461 [INFO]   rf_ecfp4_aac                    n= 5,000  s=456  RMSE=1.1209  R=0.6732  14.0s
2026-07-09 15:16:06,730 [INFO]   rf_ecfp4_aac                    n=10,000  s=42  RMSE=1.0559  R=0.7172  33.2s
2026-07-09 15:16:38,801 [INFO]   rf_ecfp4_aac                    n=10,000  s=123  RMSE=1.0536  R=0.7192  32.0s
2026-07-09 15:17:12,193 [INFO]   rf_ecfp4_aac                    n=10,000  s=456  RMSE=1.0561  R=0.7172  33.4s
2026-07-09 15:18:18,157 [INFO]   rf_ecfp4_aac                    n=17,312  s=42  RMSE=1.0044  R=0.7480  65.9s
2026-07-09 15:19:24,276 [INFO]   rf_ecfp4_aac                    n=17,312  s=123  RMSE=1.0052  R=0.7474  66.1s
2026-07-09 15:20:30,202 [INFO]   rf_ecfp4_aac                    n=17,312  s=456  RMSE=1.0053  R=0.7474  65.9s
2026-07-09 15:20:30,202 [INFO] 
==================================================
  mlp_chemberta_esm2_8M
==================================================
2026-07-09 15:20:35,315 [INFO]   mlp_chemberta_esm2_8M           n=   500  s=42  RMSE=1.4807  R=0.4030  5.0s
2026-07-09 15:20:39,681 [INFO]   mlp_chemberta_esm2_8M           n=   500  s=123  RMSE=1.5791  R=0.3600  4.4s
2026-07-09 15:20:44,319 [INFO]   mlp_chemberta_esm2_8M           n=   500  s=456  RMSE=1.4430  R=0.4109  4.6s
2026-07-09 15:20:48,928 [INFO]   mlp_chemberta_esm2_8M           n= 1,000  s=42  RMSE=1.4076  R=0.4662  4.6s
2026-07-09 15:20:55,284 [INFO]   mlp_chemberta_esm2_8M           n= 1,000  s=123  RMSE=1.5361  R=0.3850  6.3s
2026-07-09 15:21:00,728 [INFO]   mlp_chemberta_esm2_8M           n= 1,000  s=456  RMSE=1.3515  R=0.5045  5.4s
2026-07-09 15:21:13,128 [INFO]   mlp_chemberta_esm2_8M           n= 2,500  s=42  RMSE=1.3460  R=0.5012  12.4s
2026-07-09 15:21:31,781 [INFO]   mlp_chemberta_esm2_8M           n= 2,500  s=123  RMSE=1.3437  R=0.5428  18.6s
2026-07-09 15:21:56,988 [INFO]   mlp_chemberta_esm2_8M           n= 2,500  s=456  RMSE=1.2938  R=0.5593  25.2s
2026-07-09 15:22:47,169 [INFO]   mlp_chemberta_esm2_8M           n= 5,000  s=42  RMSE=1.2944  R=0.5780  50.1s
2026-07-09 15:23:36,882 [INFO]   mlp_chemberta_esm2_8M           n= 5,000  s=123  RMSE=1.2462  R=0.6026  49.7s
2026-07-09 15:24:23,115 [INFO]   mlp_chemberta_esm2_8M           n= 5,000  s=456  RMSE=1.2923  R=0.5753  46.2s
2026-07-09 15:26:00,763 [INFO]   mlp_chemberta_esm2_8M           n=10,000  s=42  RMSE=1.1854  R=0.6494  97.6s
2026-07-09 15:27:44,190 [INFO]   mlp_chemberta_esm2_8M           n=10,000  s=123  RMSE=1.2069  R=0.6400  103.4s
2026-07-09 15:29:21,906 [INFO]   mlp_chemberta_esm2_8M           n=10,000  s=456  RMSE=1.1844  R=0.6470  97.7s
2026-07-09 15:32:08,748 [INFO]   mlp_chemberta_esm2_8M           n=17,312  s=42  RMSE=1.1589  R=0.6716  166.8s
2026-07-09 15:34:50,903 [INFO]   mlp_chemberta_esm2_8M           n=17,312  s=123  RMSE=1.1696  R=0.6676  162.1s
2026-07-09 15:37:34,818 [INFO]   mlp_chemberta_esm2_8M           n=17,312  s=456  RMSE=1.1533  R=0.6737  163.9s
2026-07-09 15:37:34,818 [INFO] 
==================================================
  mlp_chemberta_esm2_8M_ft3
==================================================
2026-07-09 15:37:38,503 [INFO]   mlp_chemberta_esm2_8M_ft3       n=   500  s=42  RMSE=1.5653  R=0.3334  3.7s
2026-07-09 15:37:41,977 [INFO]   mlp_chemberta_esm2_8M_ft3       n=   500  s=123  RMSE=1.5320  R=0.3648  3.5s
2026-07-09 15:37:45,267 [INFO]   mlp_chemberta_esm2_8M_ft3       n=   500  s=456  RMSE=1.5648  R=0.3202  3.3s
2026-07-09 15:37:49,335 [INFO]   mlp_chemberta_esm2_8M_ft3       n= 1,000  s=42  RMSE=1.5625  R=0.4056  4.1s
2026-07-09 15:37:53,237 [INFO]   mlp_chemberta_esm2_8M_ft3       n= 1,000  s=123  RMSE=1.5748  R=0.3082  3.9s
2026-07-09 15:38:01,669 [INFO]   mlp_chemberta_esm2_8M_ft3       n= 1,000  s=456  RMSE=1.3882  R=0.4799  8.4s
2026-07-09 15:38:16,097 [INFO]   mlp_chemberta_esm2_8M_ft3       n= 2,500  s=42  RMSE=1.3229  R=0.5367  14.4s
2026-07-09 15:38:45,860 [INFO]   mlp_chemberta_esm2_8M_ft3       n= 2,500  s=123  RMSE=1.3218  R=0.5480  29.7s
2026-07-09 15:39:02,929 [INFO]   mlp_chemberta_esm2_8M_ft3       n= 2,500  s=456  RMSE=1.3346  R=0.5210  17.0s
2026-07-09 15:39:49,665 [INFO]   mlp_chemberta_esm2_8M_ft3       n= 5,000  s=42  RMSE=1.2626  R=0.5928  46.7s
2026-07-09 15:40:26,001 [INFO]   mlp_chemberta_esm2_8M_ft3       n= 5,000  s=123  RMSE=1.2285  R=0.6142  36.3s
2026-07-09 15:40:56,614 [INFO]   mlp_chemberta_esm2_8M_ft3       n= 5,000  s=456  RMSE=1.2194  R=0.6155  30.6s
2026-07-09 15:42:36,539 [INFO]   mlp_chemberta_esm2_8M_ft3       n=10,000  s=42  RMSE=1.2067  R=0.6376  99.9s
2026-07-09 15:44:18,728 [INFO]   mlp_chemberta_esm2_8M_ft3       n=10,000  s=123  RMSE=1.1978  R=0.6404  102.2s
2026-07-09 15:45:46,074 [INFO]   mlp_chemberta_esm2_8M_ft3       n=10,000  s=456  RMSE=1.1870  R=0.6504  87.3s
2026-07-09 15:48:39,832 [INFO]   mlp_chemberta_esm2_8M_ft3       n=17,312  s=42  RMSE=1.1188  R=0.6892  173.7s
2026-07-09 15:51:24,353 [INFO]   mlp_chemberta_esm2_8M_ft3       n=17,312  s=123  RMSE=1.1529  R=0.6722  164.5s
2026-07-09 15:54:06,537 [INFO]   mlp_chemberta_esm2_8M_ft3       n=17,312  s=456  RMSE=1.1311  R=0.6830  162.1s
2026-07-09 15:54:07,587 [INFO] 
Saved 54 results + learning_curves.pdf
